00:00 +0: loading /Users/bastianvalencia/Desktop/prueba_tecnica/enm/test/features/products/presentation/screens/products_list_screen_test.dart                                                         00:01 +0: loading /Users/bastianvalencia/Desktop/prueba_tecnica/enm/test/features/products/presentation/screens/products_list_screen_test.dart                                                         00:01 +0: ProductsListScreen shows loading and then products                                                                                                                                           00:01 +0: ProductsListScreen shows loading and then products                                                                                                                                           
══╡ EXCEPTION CAUGHT BY FLUTTER TEST FRAMEWORK ╞════════════════════════════════════════════════════
The following TestFailure was thrown running a test:
Expected: exactly one matching candidate
  Actual: _TypeWidgetFinder:<Found 0 widgets with type "CircularProgressIndicator": []>
   Which: means none were found but one was expected

When the exception was thrown, this was the stack:
#4      main.<anonymous closure> (file:///Users/bastianvalencia/Desktop/prueba_tecnica/enm/test/features/products/presentation/screens/products_list_screen_test.dart:57:5)
<asynchronous suspension>
#5      testWidgets.<anonymous closure>.<anonymous closure> (package:flutter_test/src/widget_tester.dart:192:15)
<asynchronous suspension>
#6      TestWidgetsFlutterBinding._runTestBody (package:flutter_test/src/binding.dart:1059:5)
<asynchronous suspension>
<asynchronous suspension>
(elided one frame from package:stack_trace)

This was caught by the test expectation on the following line:
  file:///Users/bastianvalencia/Desktop/prueba_tecnica/enm/test/features/products/presentation/screens/products_list_screen_test.dart line 57
The test description was:
  ProductsListScreen shows loading and then products
════════════════════════════════════════════════════════════════════════════════════════════════════
00:01 +0 -1: ProductsListScreen shows loading and then products [E]                                                                                                                                    
  Test failed. See exception logs above.
  The test description was: ProductsListScreen shows loading and then products
  

To run this test again: /Users/bastianvalencia/Development/flutter/bin/cache/dart-sdk/bin/dart test /Users/bastianvalencia/Desktop/prueba_tecnica/enm/test/features/products/presentation/screens/products_list_screen_test.dart -p vm --plain-name 'ProductsListScreen shows loading and then products'
00:01 +0 -1: Some tests failed.                                                                                                                                                                        
